[36mvite v7.3.1 [32mbuilding client environment for production...[36m[39m
transforming...
[32mΓ£ô[39m 1 modules transformed.
node.exe : [31mΓ£ù[39m Build failed in 52ms
At C:\Users\fandi\AppData\Roaming\npm\pnpm.ps1:24 char:5
+     & "node$exe"  "$basedir/node_modules/pnpm/bin/pnpm.cjs" $args
+     ~~~~~~~~~~~~~~~~~~~~~~~~~~~~~~~~~~~~~~~~~~~~~~~~~~~~~~~~~~~~~
    + CategoryInfo          : NotSpecified: ([31mΓ£ù[39m Build failed in 52ms:String) [], RemoteException
    + FullyQualifiedErrorId : NativeCommandError
 
[31merror during build:
[31m[vite:build-html] src/main.js (103:2): Identifier "faChevronLeft" has already been declared[31m
file: [36mC:/laragon/www/pamsides-v2/frontend/src/main.js:103:2 (C:/laragon/www/pamsides-v2/frontend/index.html)[31m
[33m
101:   faCloud,
102:   faServer,
103:   faChevronLeft,
       ^
104:   faGlobe,
105:   faEnvelope,
[31m
    at getRollupError (file:///C:/laragon/www/pamsides-v2/frontend/node_modules/.pnpm/rollup@4.59.0/node_modules/rollup
/dist/es/shared/parseAst.js:402:41)
    at error (file:///C:/laragon/www/pamsides-v2/frontend/node_modules/.pnpm/rollup@4.59.0/node_modules/rollup/dist/es/
shared/parseAst.js:398:42)
    at Module.error (file:///C:/laragon/www/pamsides-v2/frontend/node_modules/.pnpm/rollup@4.59.0/node_modules/rollup/d
ist/es/shared/node-entry.js:17040:16)
    at Module.addImport (file:///C:/laragon/www/pamsides-v2/frontend/node_modules/.pnpm/rollup@4.59.0/node_modules/roll
up/dist/es/shared/node-entry.js:17567:22)
    at ImportDeclaration.initialise (file:///C:/laragon/www/pamsides-v2/frontend/node_modules/.pnpm/rollup@4.59.0/node_
modules/rollup/dist/es/shared/node-entry.js:13090:28)
    at convertNode (file:///C:/laragon/www/pamsides-v2/frontend/node_modules/.pnpm/rollup@4.59.0/node_modules/rollup/di
st/es/shared/node-entry.js:16437:10)
    at convertNodeList (file:///C:/laragon/www/pamsides-v2/frontend/node_modules/.pnpm/rollup@4.59.0/node_modules/rollu
p/dist/es/shared/node-entry.js:16447:38)
    at Array.program (file:///C:/laragon/www/pamsides-v2/frontend/node_modules/.pnpm/rollup@4.59.0/node_modules/rollup/
dist/es/shared/node-entry.js:16297:21)
    at convertNode (file:///C:/laragon/www/pamsides-v2/frontend/node_modules/.pnpm/rollup@4.59.0/node_modules/rollup/di
st/es/shared/node-entry.js:16436:28)
    at convertProgram (file:///C:/laragon/www/pamsides-v2/frontend/node_modules/.pnpm/rollup@4.59.0/node_modules/rollup
/dist/es/shared/node-entry.js:15677:12)[39m
