
> frontend@0.0.0 build C:\laragon\www\pamsides-v2\frontend
> vite build

[36mvite v7.3.1 [32mbuilding client environment for production...[36m[39m
transforming...
[32mΓ£ô[39m 2 modules transformed.
node.exe : [31mΓ£ù[39m 
Build failed in 84ms
At C:\Users\fandi\AppData\
Roaming\npm\pnpm.ps1:24 
char:5
+     & "node$exe"  "$base
dir/node_modules/pnpm/bin/
pnpm.cjs" $args
+     ~~~~~~~~~~~~~~~~~~~~
~~~~~~~~~~~~~~~~~~~~~~~~~~
~~~~~~~~~~~~~~~
    + CategoryInfo        
      : NotSpecified: (  
  [31mΓ£ù[39m Build fa   
 iled in 84ms:String)     
[], RemoteException
    + FullyQualifiedError 
   Id : NativeCommandErr  
  or
 
[31merror during build:
[31m[vite]: Rollup 
failed to resolve import 
"pinia" from "C:/laragon/w
ww/pamsides-v2/frontend/sr
c/main.js".
This is most likely 
unintended because it can 
break your application at 
runtime.
If you do want to 
externalize this module 
explicitly add it to
`build.rollupOptions.exter
nal`[31m
    at viteLog (file:///C:
/laragon/www/pamsides-v2/f
rontend/node_modules/.pnpm
/vite@7.3.1_jiti@2.6.1_lig
htningcss@1.31.1_yaml@2.8.
2/node_modules/vite/dist/n
ode/chunks/config.js:33635
:57)
    at onRollupLog (file:/
//C:/laragon/www/pamsides-
v2/frontend/node_modules/.
pnpm/vite@7.3.1_jiti@2.6.1
_lightningcss@1.31.1_yaml@
2.8.2/node_modules/vite/di
st/node/chunks/config.js:3
3665:7)
    at onLog (file:///C:/l
aragon/www/pamsides-v2/fro
ntend/node_modules/.pnpm/v
ite@7.3.1_jiti@2.6.1_light
ningcss@1.31.1_yaml@2.8.2/
node_modules/vite/dist/nod
e/chunks/config.js:33467:4
)
    at file:///C:/laragon/
www/pamsides-v2/frontend/n
ode_modules/.pnpm/rollup@4
.59.0/node_modules/rollup/
dist/es/shared/node-entry.
js:20981:32
    at Object.logger [as 
onLog] (file:///C:/laragon
/www/pamsides-v2/frontend/
node_modules/.pnpm/rollup@
4.59.0/node_modules/rollup
/dist/es/shared/node-entry
.js:22968:9)
    at ModuleLoader.handle
InvalidResolvedId (file://
/C:/laragon/www/pamsides-v
2/frontend/node_modules/.p
npm/rollup@4.59.0/node_mod
ules/rollup/dist/es/shared
/node-entry.js:21712:26)
    at file:///C:/laragon/
www/pamsides-v2/frontend/n
ode_modules/.pnpm/rollup@4
.59.0/node_modules/rollup/
dist/es/shared/node-entry.
js:21670:26
    at async Promise.all 
(index 4)[39m
ΓÇëELIFECYCLEΓÇë Command failed with exit code 1.
